// Jest Snapshot v1, https://goo.gl/fbAQLP

exports[`should render SignInAndSignUp page 1`] = `ShallowWrapper {}`;
